---
source: crates/oxc_angular_compiler/tests/integration_test.rs
assertion_line: 6201
expression: result.code
---
import { Component } from "@angular/core";
import { __decorate } from "tslib";
let AppComponent = class AppComponent {
	title = "app";
};
AppComponent = __decorate([Component({
	selector: "app-root",
	template: "<h1>Hello</h1>"
})], AppComponent);
export { AppComponent };
