---
source: crates/oxc_angular_compiler/tests/integration_test.rs
expression: result.code
---
import { Injectable, Inject, Optional } from "@angular/core";
import { __decorate } from "tslib";
function Custom() {
	return function(t, k) {};
}
let MyService = class MyService {
	token;
	optionalDep;
	customProp = "";
};
__decorate([Custom()], MyService.prototype, "customProp", void 0);
MyService = __decorate([Injectable()], MyService);
export { MyService };
