---
source: crates/oxc_angular_compiler/tests/integration_test.rs
assertion_line: 6239
expression: result.code
---
import { Directive, Input } from "@angular/core";
import { __decorate } from "tslib";
let HighlightDirective = class HighlightDirective {
	color = "yellow";
	static propDecorators = { color: [{ type: Input }] };
};
HighlightDirective = __decorate([Directive({
	selector: "[appHighlight]",
	standalone: true
})], HighlightDirective);
export { HighlightDirective };
