---
source: crates/oxc_angular_compiler/tests/linker_test.rs
assertion_line: 46
expression: result.code
---
import * as i0 from "@angular/core";
export class MyDir {}
MyDir.ɵdir = i0.ɵɵdefineDirective({ type: MyDir, selectors: [["", "myDir", ""]], inputs: { "fxFlexAlign.xs": [0, "fxFlexAlign.xs", "fxFlexAlignXs"] }, standalone: false });
